// Jest Snapshot v1, https://goo.gl/fbAQLP

exports[`testando loginforms deve ser igual a snapshot 1`] = `
<DocumentFragment>
  <div
    class="containerLoginForm"
  >
    <div
      class="imgContainer"
    >
      <img
        alt="logoImage"
        src="[object Object]"
      />
    </div>
    <form>
      <label>
        E-mail:
      </label>
      <input
        autocomplete="off"
        type="email"
      />
      <label>
        Senha:
      </label>
      <input
        autocomplete="off"
        type="password"
      />
      <button
        type="submit"
      >
        Entrar
      </button>
    </form>
  </div>
</DocumentFragment>
`;
